/home/ysy/Documents/11_idea-workspaces/e_shop/src/main/java/cn/itlaobing/eshop/service/SlideShowService.java
/home/ysy/Documents/11_idea-workspaces/e_shop/src/main/java/cn/itlaobing/eshop/web/servlet/GoodsServlet.java
/home/ysy/Documents/11_idea-workspaces/e_shop/src/main/java/cn/itlaobing/eshop/web/servlet/UserServlet.java
/home/ysy/Documents/11_idea-workspaces/e_shop/src/main/java/cn/itlaobing/eshop/entity/Itlb_goods.java
/home/ysy/Documents/11_idea-workspaces/e_shop/src/main/java/cn/itlaobing/eshop/entity/ItlbGoodsPic.java
/home/ysy/Documents/11_idea-workspaces/e_shop/src/main/java/cn/itlaobing/eshop/dao/UserDao.java
/home/ysy/Documents/11_idea-workspaces/e_shop/src/main/java/cn/itlaobing/eshop/service/GoodsService.java
/home/ysy/Documents/11_idea-workspaces/e_shop/src/main/java/cn/itlaobing/eshop/service/UserService.java
/home/ysy/Documents/11_idea-workspaces/e_shop/src/main/java/cn/itlaobing/eshop/entity/BaseGoods.java
/home/ysy/Documents/11_idea-workspaces/e_shop/src/main/java/cn/itlaobing/eshop/web/servlet/IndexServlet.java
/home/ysy/Documents/11_idea-workspaces/e_shop/src/main/java/cn/itlaobing/eshop/dao/GoodsDao.java
/home/ysy/Documents/11_idea-workspaces/e_shop/src/main/java/cn/itlaobing/eshop/web/annotation/RequestMapping.java
/home/ysy/Documents/11_idea-workspaces/e_shop/src/main/java/cn/itlaobing/eshop/service/impl/UserServiceImpl.java
/home/ysy/Documents/11_idea-workspaces/e_shop/src/main/java/cn/itlaobing/eshop/entity/ItlbFocuss.java
/home/ysy/Documents/11_idea-workspaces/e_shop/src/main/java/cn/itlaobing/eshop/entity/Users.java
/home/ysy/Documents/11_idea-workspaces/e_shop/src/main/java/cn/itlaobing/eshop/web/servlet/MsgSendServlet.java
/home/ysy/Documents/11_idea-workspaces/e_shop/src/main/java/cn/itlaobing/eshop/dao/SlideShowDao.java
/home/ysy/Documents/11_idea-workspaces/e_shop/src/main/java/cn/itlaobing/eshop/web/filter/tags/CssJsTag.java
/home/ysy/Documents/11_idea-workspaces/e_shop/src/main/java/cn/itlaobing/eshop/dao/BaseDao.java
/home/ysy/Documents/11_idea-workspaces/e_shop/src/main/java/cn/itlaobing/eshop/service/impl/GoodsServiceImpl.java
/home/ysy/Documents/11_idea-workspaces/e_shop/src/main/java/cn/itlaobing/eshop/web/servlet/BaseServlet.java
/home/ysy/Documents/11_idea-workspaces/e_shop/src/main/java/cn/itlaobing/eshop/entity/MsgToken.java
/home/ysy/Documents/11_idea-workspaces/e_shop/src/main/java/cn/itlaobing/eshop/web/filter/SiteMeshFilter.java
/home/ysy/Documents/11_idea-workspaces/e_shop/src/main/java/cn/itlaobing/eshop/web/servlet/KaptchaServlet.java
/home/ysy/Documents/11_idea-workspaces/e_shop/src/main/java/cn/itlaobing/eshop/web/servlet/TurnToServlet.java
/home/ysy/Documents/11_idea-workspaces/e_shop/src/main/java/cn/itlaobing/eshop/exception/MyBizException.java
/home/ysy/Documents/11_idea-workspaces/e_shop/src/main/java/cn/itlaobing/eshop/entity/dto/GoodsDto.java
